<html>
<body>
<pre>
<h1>µVision Build Log</h1>
<h2>Tool Versions:</h2>
IDE-Version: µVision V5.25.2.0
Copyright (C) 2018 ARM Ltd and ARM Germany GmbH. All rights reserved.
License Information: Qinbing Fu, University of Lincoln, LIC=TA374-FLMQL-IMB9B-20NQF-1ZVP6-QEWQX
 
Tool Versions:
Toolchain:       MDK-ARM Professional  Version: 5.25.2.0
Toolchain Path:  C:\Research\Apps\Keil\ARM\ARMCC\Bin
C Compiler:      Armcc.exe V5.06 update 6 (build 750)
Assembler:       Armasm.exe V5.06 update 6 (build 750)
Linker/Locator:  ArmLink.exe V5.06 update 6 (build 750)
Library Manager: ArmAr.exe V5.06 update 6 (build 750)
Hex Converter:   FromElf.exe V5.06 update 6 (build 750)
CPU DLL:         SARMCM3.DLL V5.25.2.0
Dialog DLL:      DCM.DLL V1.17.1.0
Target DLL:      STLink\ST-LINKIII-KEIL_SWO.dll V3.0.1.0
Dialog DLL:      TCM.DLL V1.35.1.0
 
<h2>Project:</h2>
E:\RESEARCH\Postdoc\Experiments\LGMDPlus colias code\LGMDPlus\CoSLGMDs\MDK-ARM\ColiasSenseV4-5.uvprojx
Project File Date:  08/29/2019

<h2>Output:</h2>
*** Using Compiler 'V5.06 update 6 (build 750)', folder: 'C:\Research\Apps\Keil\ARM\ARMCC\Bin'
Build target 'ColiasSenseV4-CHENGS5-SSD'
compiling coliasSense_Camera.c...
compiling coliasSense_LGMD.c...
linking...
Program Size: Code=45004 RO-data=4760 RW-data=272 ZI-data=102384  
FromELF: creating hex file...
".\OutputJob\ColiasSenseV4.axf" - 0 Error(s), 0 Warning(s).

<h2>Software Packages used:</h2>

Package Vendor: ARM
                http://www.keil.com/pack/ARM.CMSIS.5.4.0.pack
                ARM.CMSIS.5.4.0
                CMSIS (Cortex Microcontroller Software Interface Standard)
   * Component: CORE Version: 5.1.2
   * Component: DSP Version: 1.5.2

Package Vendor: Keil
                http://www.keil.com/pack/Keil.STM32F4xx_DFP.2.10.0.pack
                Keil.STM32F4xx_DFP.2.10.0
                STMicroelectronics STM32F4 Series Device Support, Drivers and Examples
   * Component: STM32Cube Framework Version: 1.0.0
   * Component: Classic Version: 1.5.0
   * Component: Common Version: 1.5.0
   * Component: Cortex Version: 1.5.0
   * Component: DCMI Version: 1.5.0
   * Component: DMA Version: 1.5.0
   * Component: GPIO Version: 1.5.0
   * Component: I2S Version: 1.5.0
   * Component: PWR Version: 1.5.0
   * Component: RCC Version: 1.5.0
   * Component: RNG Version: 1.5.0
   * Component: SPI Version: 1.5.0
   * Component: TIM Version: 1.5.0
   * Component: UART Version: 1.5.0
   * Component: USART Version: 1.5.0
   * Component: Startup Version: 2.5.0

<h2>Collection of Component include folders:</h2>
  .\RTE\Device\STM32F427VI
  .\RTE\_ColiasSenseV4-CHENGS5-SSD
  C:\Research\Apps\Keil\ARM\PACK\ARM\CMSIS\5.4.0\CMSIS\Core\Include
  C:\Research\Apps\Keil\ARM\PACK\ARM\CMSIS\5.4.0\CMSIS\DSP\Include
  C:\Research\Apps\Keil\ARM\PACK\Keil\STM32F4xx_DFP\2.10.0\Drivers\CMSIS\Device\ST\STM32F4xx\Include
  C:\Research\Apps\Keil\ARM\PACK\Keil\STM32F4xx_DFP\2.10.0\Drivers\STM32F4xx_HAL_Driver\Inc

<h2>Collection of Component Files used:</h2>

   * Component: ::Device:STM32Cube Framework:1.0.0 (API)

   * Component: ARM::CMSIS:CORE:5.1.2

   * Component: ARM::CMSIS:DSP:1.5.2
      Include file:  CMSIS\DSP\Include\arm_math.h
      Library file:  CMSIS\Lib\ARM\arm_cortexM4lf_math.lib

   * Component: Keil::Device:STM32Cube Framework:Classic:1.5.0
      Include file:  CMSIS\Driver\Config\RTE_Device.h
      Include file:  MDK\Templates\Inc\stm32f4xx_hal_conf.h
      Source file:   MDK\Templates\Src\stm32f4xx_it.c
      Include file:  MDK\Templates\Inc\main.h
      Source file:   MDK\Templates\Src\stm32f4xx_hal_msp.c
      Include file:  MDK\Templates\Inc\stm32f4xx_it.h
      Source file:   MDK\Templates\Src\main.c

   * Component: Keil::Device:STM32Cube HAL:Common:1.5.0
      Include file:  Drivers\STM32F4xx_HAL_Driver\Inc\stm32f4xx_hal.h
      Source file:   Drivers\STM32F4xx_HAL_Driver\Src\stm32f4xx_hal.c

   * Component: Keil::Device:STM32Cube HAL:Cortex:1.5.0
      Source file:   Drivers\STM32F4xx_HAL_Driver\Src\stm32f4xx_hal_cortex.c

   * Component: Keil::Device:STM32Cube HAL:DCMI:1.5.0
      Source file:   Drivers\STM32F4xx_HAL_Driver\Src\stm32f4xx_hal_dcmi.c
      Source file:   Drivers\STM32F4xx_HAL_Driver\Src\stm32f4xx_hal_dcmi_ex.c

   * Component: Keil::Device:STM32Cube HAL:DMA:1.5.0
      Source file:   Drivers\STM32F4xx_HAL_Driver\Src\stm32f4xx_hal_dma_ex.c
      Source file:   Drivers\STM32F4xx_HAL_Driver\Src\stm32f4xx_hal_dma.c

   * Component: Keil::Device:STM32Cube HAL:GPIO:1.5.0
      Source file:   Drivers\STM32F4xx_HAL_Driver\Src\stm32f4xx_hal_gpio.c

   * Component: Keil::Device:STM32Cube HAL:I2S:1.5.0
      Source file:   Drivers\STM32F4xx_HAL_Driver\Src\stm32f4xx_hal_i2s_ex.c
      Source file:   Drivers\STM32F4xx_HAL_Driver\Src\stm32f4xx_hal_i2s.c

   * Component: Keil::Device:STM32Cube HAL:PWR:1.5.0
      Source file:   Drivers\STM32F4xx_HAL_Driver\Src\stm32f4xx_hal_pwr.c
      Source file:   Drivers\STM32F4xx_HAL_Driver\Src\stm32f4xx_hal_pwr_ex.c

   * Component: Keil::Device:STM32Cube HAL:RCC:1.5.0
      Source file:   Drivers\STM32F4xx_HAL_Driver\Src\stm32f4xx_hal_rcc.c
      Source file:   Drivers\STM32F4xx_HAL_Driver\Src\stm32f4xx_hal_rcc_ex.c

   * Component: Keil::Device:STM32Cube HAL:RNG:1.5.0
      Source file:   Drivers\STM32F4xx_HAL_Driver\Src\stm32f4xx_hal_rng.c

   * Component: Keil::Device:STM32Cube HAL:SPI:1.5.0
      Source file:   Drivers\STM32F4xx_HAL_Driver\Src\stm32f4xx_hal_spi.c

   * Component: Keil::Device:STM32Cube HAL:TIM:1.5.0
      Source file:   Drivers\STM32F4xx_HAL_Driver\Src\stm32f4xx_hal_tim.c
      Source file:   Drivers\STM32F4xx_HAL_Driver\Src\stm32f4xx_hal_tim_ex.c

   * Component: Keil::Device:STM32Cube HAL:UART:1.5.0
      Source file:   Drivers\STM32F4xx_HAL_Driver\Src\stm32f4xx_hal_uart.c

   * Component: Keil::Device:STM32Cube HAL:USART:1.5.0
      Source file:   Drivers\STM32F4xx_HAL_Driver\Src\stm32f4xx_hal_usart.c

   * Component: Keil::Device:Startup:2.5.0
      Source file:   Drivers\CMSIS\Device\ST\STM32F4xx\Source\Templates\system_stm32f4xx.c
      Source file:   MDK\Device\Source\ARM\STM32F42xxx_43xxx_OPT.s
      Source file:   MDK\Device\Source\ARM\STM32F4xx_OTP.s
      Source file:   Drivers\CMSIS\Device\ST\STM32F4xx\Source\Templates\arm\startup_stm32f427xx.s
      Include file:  Drivers\CMSIS\Device\ST\STM32F4xx\Include\stm32f4xx.h
Build Time Elapsed:  00:00:02
</pre>
</body>
</html>
